no-author = no-author <no-author>
adrassi = Aaron Turon <adrassi@gmail.com>
afix = Alex Fix <afix@cs.uchicago.edu>
aleffert = Akiva Leffert <aleffert@uchicago.edu>
allenleung = Allen Leung <leunga@reservoir.com>
blume = Matthias Blume <blume@tti-c.org>
dbm = David MacQueen <dbm@cs.uchicago.edu>
gatien = Valentin Gatien-Baron <gatien@cs.uchicago.edu>
george = Lal George <george@research.bell-labs.com>
georgekuan = George Kuan <gkuan@cs.uchicago.edu>
gkuan = George Kuan <gkuan@cs.uchicago.edu>
jamessan = James McCoy <jamessan@debian.org>
jhr = John Reppy <jhr@cs.uchicago.edu>
jriehl = Jon Riehl <jriehl@cs.uchicago.edu>
jwoodruff = Jackson Woodruff <woodruff.jackson+fusionforge@gmail.com>
larsberg = Lars Bergstrom <larsberg@cs.uchicago.edu>
league = Christopher League <league@contrapunctus.net>
leunga = Allen Leung <leunga@reservoir.com>
macqueen = David MacQueen <dbm@cs.uchicago.edu>
mblume = Matthias Blume <blume@tti-c.org>
monnier = Stefan Monnier <monnier@iro.umontreal.ca>
mrainey = Mike Rainey <mrainey@cs.uchicago.edu>
nch = Nevin Heintze <nch@google.com>
nrnrnr = Norman Ramsey <nr@cs.tufts.edu>
shao = Zhong Shao <shao-zhong@cs.yale.edu>
yx29 = Yichen Xie <yichen.xie@yale.edu>
dtelle = David Teller <dtelle@ens-lyon.fr>
